// Jest Snapshot v1, https://goo.gl/fbAQLP

exports[`snapshot test 1`] = `
<button
  onClick={[Function]}
>
  Changed text!
</button>
`;
